Archive member included to satisfy reference by file (symbol)

C:/ST/STM32CubeIDE_1.11.2/STM32CubeIDE/plugins/com.st.stm32cube.ide.mcu.externaltools.gnu-tools-for-stm32.12.3.rel1.win32_1.0.100.202403111256/tools/bin/../lib/gcc/arm-none-eabi/12.3.1/../../../../arm-none-eabi/lib/thumb/v7e-m+fp/hard\libc_nano.a(libc_a-exit.o)
                              C:/ST/STM32CubeIDE_1.11.2/STM32CubeIDE/plugins/com.st.stm32cube.ide.mcu.externaltools.gnu-tools-for-stm32.12.3.rel1.win32_1.0.100.202403111256/tools/bin/../lib/gcc/arm-none-eabi/12.3.1/../../../../arm-none-eabi/lib/thumb/v7e-m+fp/hard/crt0.o (exit)
C:/ST/STM32CubeIDE_1.11.2/STM32CubeIDE/plugins/com.st.stm32cube.ide.mcu.externaltools.gnu-tools-for-stm32.12.3.rel1.win32_1.0.100.202403111256/tools/bin/../lib/gcc/arm-none-eabi/12.3.1/../../../../arm-none-eabi/lib/thumb/v7e-m+fp/hard\libc_nano.a(libc_a-findfp.o)
                              C:/ST/STM32CubeIDE_1.11.2/STM32CubeIDE/plugins/com.st.stm32cube.ide.mcu.externaltools.gnu-tools-for-stm32.12.3.rel1.win32_1.0.100.202403111256/tools/bin/../lib/gcc/arm-none-eabi/12.3.1/../../../../arm-none-eabi/lib/thumb/v7e-m+fp/hard\libc_nano.a(libc_a-exit.o) (__stdio_exit_handler)
C:/ST/STM32CubeIDE_1.11.2/STM32CubeIDE/plugins/com.st.stm32cube.ide.mcu.externaltools.gnu-tools-for-stm32.12.3.rel1.win32_1.0.100.202403111256/tools/bin/../lib/gcc/arm-none-eabi/12.3.1/../../../../arm-none-eabi/lib/thumb/v7e-m+fp/hard\libc_nano.a(libc_a-fwalk.o)
                              C:/ST/STM32CubeIDE_1.11.2/STM32CubeIDE/plugins/com.st.stm32cube.ide.mcu.externaltools.gnu-tools-for-stm32.12.3.rel1.win32_1.0.100.202403111256/tools/bin/../lib/gcc/arm-none-eabi/12.3.1/../../../../arm-none-eabi/lib/thumb/v7e-m+fp/hard\libc_nano.a(libc_a-findfp.o) (_fwalk_sglue)
C:/ST/STM32CubeIDE_1.11.2/STM32CubeIDE/plugins/com.st.stm32cube.ide.mcu.externaltools.gnu-tools-for-stm32.12.3.rel1.win32_1.0.100.202403111256/tools/bin/../lib/gcc/arm-none-eabi/12.3.1/../../../../arm-none-eabi/lib/thumb/v7e-m+fp/hard\libc_nano.a(libc_a-stdio.o)
                              C:/ST/STM32CubeIDE_1.11.2/STM32CubeIDE/plugins/com.st.stm32cube.ide.mcu.externaltools.gnu-tools-for-stm32.12.3.rel1.win32_1.0.100.202403111256/tools/bin/../lib/gcc/arm-none-eabi/12.3.1/../../../../arm-none-eabi/lib/thumb/v7e-m+fp/hard\libc_nano.a(libc_a-findfp.o) (__sread)
C:/ST/STM32CubeIDE_1.11.2/STM32CubeIDE/plugins/com.st.stm32cube.ide.mcu.externaltools.gnu-tools-for-stm32.12.3.rel1.win32_1.0.100.202403111256/tools/bin/../lib/gcc/arm-none-eabi/12.3.1/../../../../arm-none-eabi/lib/thumb/v7e-m+fp/hard\libc_nano.a(libc_a-memset.o)
                              C:/ST/STM32CubeIDE_1.11.2/STM32CubeIDE/plugins/com.st.stm32cube.ide.mcu.externaltools.gnu-tools-for-stm32.12.3.rel1.win32_1.0.100.202403111256/tools/bin/../lib/gcc/arm-none-eabi/12.3.1/../../../../arm-none-eabi/lib/thumb/v7e-m+fp/hard/crt0.o (memset)
C:/ST/STM32CubeIDE_1.11.2/STM32CubeIDE/plugins/com.st.stm32cube.ide.mcu.externaltools.gnu-tools-for-stm32.12.3.rel1.win32_1.0.100.202403111256/tools/bin/../lib/gcc/arm-none-eabi/12.3.1/../../../../arm-none-eabi/lib/thumb/v7e-m+fp/hard\libc_nano.a(libc_a-closer.o)
                              C:/ST/STM32CubeIDE_1.11.2/STM32CubeIDE/plugins/com.st.stm32cube.ide.mcu.externaltools.gnu-tools-for-stm32.12.3.rel1.win32_1.0.100.202403111256/tools/bin/../lib/gcc/arm-none-eabi/12.3.1/../../../../arm-none-eabi/lib/thumb/v7e-m+fp/hard\libc_nano.a(libc_a-stdio.o) (_close_r)
C:/ST/STM32CubeIDE_1.11.2/STM32CubeIDE/plugins/com.st.stm32cube.ide.mcu.externaltools.gnu-tools-for-stm32.12.3.rel1.win32_1.0.100.202403111256/tools/bin/../lib/gcc/arm-none-eabi/12.3.1/../../../../arm-none-eabi/lib/thumb/v7e-m+fp/hard\libc_nano.a(libc_a-reent.o)
                              C:/ST/STM32CubeIDE_1.11.2/STM32CubeIDE/plugins/com.st.stm32cube.ide.mcu.externaltools.gnu-tools-for-stm32.12.3.rel1.win32_1.0.100.202403111256/tools/bin/../lib/gcc/arm-none-eabi/12.3.1/../../../../arm-none-eabi/lib/thumb/v7e-m+fp/hard\libc_nano.a(libc_a-closer.o) (errno)
C:/ST/STM32CubeIDE_1.11.2/STM32CubeIDE/plugins/com.st.stm32cube.ide.mcu.externaltools.gnu-tools-for-stm32.12.3.rel1.win32_1.0.100.202403111256/tools/bin/../lib/gcc/arm-none-eabi/12.3.1/../../../../arm-none-eabi/lib/thumb/v7e-m+fp/hard\libc_nano.a(libc_a-impure.o)
                              C:/ST/STM32CubeIDE_1.11.2/STM32CubeIDE/plugins/com.st.stm32cube.ide.mcu.externaltools.gnu-tools-for-stm32.12.3.rel1.win32_1.0.100.202403111256/tools/bin/../lib/gcc/arm-none-eabi/12.3.1/../../../../arm-none-eabi/lib/thumb/v7e-m+fp/hard\libc_nano.a(libc_a-reent.o) (_impure_ptr)
C:/ST/STM32CubeIDE_1.11.2/STM32CubeIDE/plugins/com.st.stm32cube.ide.mcu.externaltools.gnu-tools-for-stm32.12.3.rel1.win32_1.0.100.202403111256/tools/bin/../lib/gcc/arm-none-eabi/12.3.1/../../../../arm-none-eabi/lib/thumb/v7e-m+fp/hard\libc_nano.a(libc_a-lseekr.o)
[...]
Memory Configuration

Name             Origin             Length             Attributes
RAM              0x20000000         0x00018000         xrw
FLASH            0x08000000         0x00080000         xr
*default*        0x00000000         0xffffffff

Linker script and memory map

LOAD C:/ST/STM32CubeIDE_1.11.2/STM32CubeIDE/plugins/com.st.stm32cube.ide.mcu.externaltools.gnu-tools-for-stm32.12.3.rel1.win32_1.0.100.202403111256/tools/bin/../lib/gcc/arm-none-eabi/12.3.1/thumb/v7e-m+fp/hard/crti.o
LOAD C:/ST/STM32CubeIDE_1.11.2/STM32CubeIDE/plugins/com.st.stm32cube.ide.mcu.externaltools.gnu-tools-for-stm32.12.3.rel1.win32_1.0.100.202403111256/tools/bin/../lib/gcc/arm-none-eabi/12.3.1/thumb/v7e-m+fp/hard/crtbegin.o
LOAD C:/ST/STM32CubeIDE_1.11.2/STM32CubeIDE/plugins/com.st.stm32cube.ide.mcu.externaltools.gnu-tools-for-stm32.12.3.rel1.win32_1.0.100.202403111256/tools/bin/../lib/gcc/arm-none-eabi/12.3.1/../../../../arm-none-eabi/lib/thumb/v7e-m+fp/hard/crt0.o
LOAD ./Src/EEPROM_24C.o
LOAD ./Src/I2C.o
LOAD ./Src/LED.o
LOAD ./Src/SYSTICK.o
LOAD ./Src/UART.o
LOAD ./Src/main.o
LOAD ./Src/syscalls.o
LOAD ./Src/sysmem.o
LOAD ./Startup/startup_stm32f401retx.o
START GROUP
LOAD C:/ST/STM32CubeIDE_1.11.2/STM32CubeIDE/plugins/com.st.stm32cube.ide.mcu.externaltools.gnu-tools-for-stm32.12.3.rel1.win32_1.0.100.202403111256/tools/bin/../lib/gcc/arm-none-eabi/12.3.1/../../../../arm-none-eabi/lib/thumb/v7e-m+fp/hard\libc_nano.a
LOAD C:/ST/STM32CubeIDE_1.11.2/STM32CubeIDE/plugins/com.st.stm32cube.ide.mcu.externaltools.gnu-tools-for-stm32.12.3.rel1.win32_1.0.100.202403111256/tools/bin/../lib/gcc/arm-none-eabi/12.3.1/../../../../arm-none-eabi/lib/thumb/v7e-m+fp/hard\libm.a
END GROUP
START GROUP
LOAD C:/ST/STM32CubeIDE_1.11.2/STM32CubeIDE/plugins/com.st.stm32cube.ide.mcu.externaltools.gnu-tools-for-stm32.12.3.rel1.win32_1.0.100.202403111256/tools/bin/../lib/gcc/arm-none-eabi/12.3.1/thumb/v7e-m+fp/hard\libgcc.a
LOAD C:/ST/STM32CubeIDE_1.11.2/STM32CubeIDE/plugins/com.st.stm32cube.ide.mcu.externaltools.gnu-tools-for-stm32.12.3.rel1.win32_1.0.100.202403111256/tools/bin/../lib/gcc/arm-none-eabi/12.3.1/../../../../arm-none-eabi/lib/thumb/v7e-m+fp/hard\libc_nano.a
END GROUP
START GROUP
LOAD C:/ST/STM32CubeIDE_1.11.2/STM32CubeIDE/plugins/com.st.stm32cube.ide.mcu.externaltools.gnu-tools-for-stm32.12.3.rel1.win32_1.0.100.202403111256/tools/bin/../lib/gcc/arm-none-eabi/12.3.1/thumb/v7e-m+fp/hard\libgcc.a
LOAD C:/ST/STM32CubeIDE_1.11.2/STM32CubeIDE/plugins/com.st.stm32cube.ide.mcu.externaltools.gnu-tools-for-stm32.12.3.rel1.win32_1.0.100.202403111256/tools/bin/../lib/gcc/arm-none-eabi/12.3.1/../../../../arm-none-eabi/lib/thumb/v7e-m+fp/hard\libc_nano.a
LOAD C:/ST/STM32CubeIDE_1.11.2/STM32CubeIDE/plugins/com.st.stm32cube.ide.mcu.externaltools.gnu-tools-for-stm32.12.3.rel1.win32_1.0.100.202403111256/tools/bin/../lib/gcc/arm-none-eabi/12.3.1/../../../../arm-none-eabi/lib/thumb/v7e-m+fp/hard\libnosys.a
END GROUP
START GROUP
LOAD C:/ST/STM32CubeIDE_1.11.2/STM32CubeIDE/plugins/com.st.stm32cube.ide.mcu.externaltools.gnu-tools-for-stm32.12.3.rel1.win32_1.0.100.202403111256/tools/bin/../lib/gcc/arm-none-eabi/12.3.1/thumb/v7e-m+fp/hard\libgcc.a
LOAD C:/ST/STM32CubeIDE_1.11.2/STM32CubeIDE/plugins/com.st.stm32cube.ide.mcu.externaltools.gnu-tools-for-stm32.12.3.rel1.win32_1.0.100.202403111256/tools/bin/../lib/gcc/arm-none-eabi/12.3.1/../../../../arm-none-eabi/lib/thumb/v7e-m+fp/hard\libc_nano.a
LOAD C:/ST/STM32CubeIDE_1.11.2/STM32CubeIDE/plugins/com.st.stm32cube.ide.mcu.externaltools.gnu-tools-for-stm32.12.3.rel1.win32_1.0.100.202403111256/tools/bin/../lib/gcc/arm-none-eabi/12.3.1/../../../../arm-none-eabi/lib/thumb/v7e-m+fp/hard\libnosys.a
END GROUP
LOAD C:/ST/STM32CubeIDE_1.11.2/STM32CubeIDE/plugins/com.st.stm32cube.ide.mcu.externaltools.gnu-tools-for-stm32.12.3.rel1.win32_1.0.100.202403111256/tools/bin/../lib/gcc/arm-none-eabi/12.3.1/thumb/v7e-m+fp/hard/crtend.o
LOAD C:/ST/STM32CubeIDE_1.11.2/STM32CubeIDE/plugins/com.st.stm32cube.ide.mcu.externaltools.gnu-tools-for-stm32.12.3.rel1.win32_1.0.100.202403111256/tools/bin/../lib/gcc/arm-none-eabi/12.3.1/thumb/v7e-m+fp/hard/crtn.o
                0x20018000                        _estack = (ORIGIN (RAM) + LENGTH (RAM))
                0x00000200                        _Min_Heap_Size = 0x200
                0x00000400                        _Min_Stack_Size = 0x400

.isr_vector     0x08000000      0x194
                0x08000000                        . = ALIGN (0x4)
 *(.isr_vector)
 .isr_vector    0x08000000      0x194 ./Startup/startup_stm32f401retx.o
                0x08000000                g_pfnVectors
                0x08000194                        . = ALIGN (0x4)

.text           0x08000194      0x5d4
                0x08000194                        . = ALIGN (0x4)
 *(.text)
 .text          0x08000194       0x40 C:/ST/STM32CubeIDE_1.11.2/STM32CubeIDE/plugins/com.st.stm32cube.ide.mcu.externaltools.gnu-tools-for-stm32.12.3.rel1.win32_1.0.100.202403111256/tools/bin/../lib/gcc/arm-none-eabi/12.3.1/thumb/v7e-m+fp/hard/crtbegin.o
 *(.text*)
 .text.EEPROM_Init
                0x080001d4       0x20 ./Src/EEPROM_24C.o
                0x080001d4                EEPROM_Init
 .text.EEPROM_WriteByte
                0x080001f4       0x54 ./Src/EEPROM_24C.o
                0x080001f4                EEPROM_WriteByte
 .text.EEPROM_ReadPage
                0x08000248       0x8c ./Src/EEPROM_24C.o
                0x08000248                EEPROM_ReadPage
 .text.I2C1_Init
                0x080002d4       0xb0 ./Src/I2C.o
                0x080002d4                I2C1_Init
 .text.I2C1_Start
                0x08000384       0x30 ./Src/I2C.o
                0x08000384                I2C1_Start
 .text.I2C1_SendAddress
                0x080003b4       0x50 ./Src/I2C.o
                0x080003b4                I2C1_SendAddress
 .text.I2C1_SendData
                0x08000404       0x30 ./Src/I2C.o
                0x08000404                I2C1_SendData
 .text.I2C1_EnableACK
                0x08000434       0x24 ./Src/I2C.o
                0x08000434                I2C1_EnableACK
 .text.I2C1_DisableACK
                0x08000458       0x24 ./Src/I2C.o
                0x08000458                I2C1_DisableACK
 .text.I2C1_ReadData
                0x0800047c       0x2c ./Src/I2C.o
                0x0800047c                I2C1_ReadData
 .text.I2C1_Stop
                0x080004a8       0x20 ./Src/I2C.o
                0x080004a8                I2C1_Stop
 .text.LED_Init
                0x080004c8       0x60 ./Src/LED.o
                0x080004c8                LED_Init
 .text.LED_Toggle
                0x08000528       0x20 ./Src/LED.o
                0x08000528                LED_Toggle
 .text.Compute_UART_Baud
                0x08000548       0x26 ./Src/UART.o
 *fill*         0x0800056e        0x2 
 .text.UART2_SetBaudRate
                0x08000570       0x28 ./Src/UART.o
 .text.UART2_Init
                0x08000598       0x78 ./Src/UART.o
                0x08000598                UART2_Init
 .text.UART2_TxChar
                0x08000610       0x30 ./Src/UART.o
                0x08000610                UART2_TxChar
 .text.UART2_TxString
                0x08000640       0x2a ./Src/UART.o
                0x08000640                UART2_TxString
 .text.main     0x0800066a       0x4a ./Src/main.o
                0x0800066a                main
 .text.Reset_Handler
                0x080006b4       0x50 ./Startup/startup_stm32f401retx.o
                0x080006b4                Reset_Handler
 .text.Default_Handler
                0x08000704        0x2 ./Startup/startup_stm32f401retx.o
                0x08000704                EXTI2_IRQHandler
                0x08000704                DebugMon_Handler
                0x08000704                SPI4_IRQHandler
                0x08000704                TIM1_CC_IRQHandler
                0x08000704                DMA2_Stream5_IRQHandler
                0x08000704                HardFault_Handler
                0x08000704                DMA1_Stream5_IRQHandler
                0x08000704                SysTick_Handler
                0x08000704                SDIO_IRQHandler
                0x08000704                TAMP_STAMP_IRQHandler
                0x08000704                PendSV_Handler
                0x08000704                NMI_Handler
                0x08000704                EXTI3_IRQHandler
                0x08000704                TIM1_UP_TIM10_IRQHandler
                0x08000704                I2C3_ER_IRQHandler
                0x08000704                EXTI18_OTG_FS_WKUP_IRQHandler
                0x08000704                EXTI0_IRQHandler
                0x08000704                I2C2_EV_IRQHandler
                0x08000704                DMA1_Stream2_IRQHandler
                0x08000704                UsageFault_Handler
                0x08000704                DMA2_Stream2_IRQHandler
                0x08000704                SPI1_IRQHandler
                0x08000704                TIM1_BRK_TIM9_IRQHandler
                0x08000704                DMA2_Stream3_IRQHandler
                0x08000704                USART6_IRQHandler
                0x08000704                DMA2_Stream0_IRQHandler
                0x08000704                TIM4_IRQHandler
                0x08000704                I2C1_EV_IRQHandler
                0x08000704                DMA1_Stream6_IRQHandler
                0x08000704                DMA1_Stream1_IRQHandler
                0x08000704                TIM3_IRQHandler
                0x08000704                RCC_IRQHandler
                0x08000704                Default_Handler
                0x08000704                EXTI15_10_IRQHandler
                0x08000704                ADC_IRQHandler
                0x08000704                DMA1_Stream7_IRQHandler
                0x08000704                TIM5_IRQHandler
                0x08000704                DMA2_Stream7_IRQHandler
                0x08000704                I2C3_EV_IRQHandler
                0x08000704                EXTI9_5_IRQHandler
                0x08000704                SPI2_IRQHandler
                0x08000704                MemManage_Handler
                0x08000704                DMA1_Stream0_IRQHandler
                0x08000704                SVC_Handler
                0x08000704                EXTI4_IRQHandler
                0x08000704                EXTI22_RTC_WKUP_IRQHandler
                0x08000704                TIM2_IRQHandler
                0x08000704                EXTI16_PVD_IRQHandler
                0x08000704                TIM1_TRG_COM_TIM11_IRQHandler
                0x08000704                EXTI1_IRQHandler
                0x08000704                EXTI17_RTC_Alarm_IRQHandler
                0x08000704                USART2_IRQHandler
                0x08000704                I2C2_ER_IRQHandler
                0x08000704                DMA2_Stream1_IRQHandler
                0x08000704                FLASH_IRQHandler
                0x08000704                DMA2_Stream4_IRQHandler
                0x08000704                BusFault_Handler
                0x08000704                USART1_IRQHandler
                0x08000704                OTG_FS_IRQHandler
                0x08000704                SPI3_IRQHandler
                0x08000704                DMA1_Stream4_IRQHandler
                0x08000704                I2C1_ER_IRQHandler
                0x08000704                DMA2_Stream6_IRQHandler
                0x08000704                DMA1_Stream3_IRQHandler
 *fill*         0x08000706        0x2 
 .text.__libc_init_array
                0x08000708       0x48 C:/ST/STM32CubeIDE_1.11.2/STM32CubeIDE/plugins/com.st.stm32cube.ide.mcu.externaltools.gnu-tools-for-stm32.12.3.rel1.win32_1.0.100.202403111256/tools/bin/../lib/gcc/arm-none-eabi/12.3.1/../../../../arm-none-eabi/lib/thumb/v7e-m+fp/hard\libc_nano.a(libc_a-init.o)
                0x08000708                __libc_init_array
 *(.glue_7)
 .glue_7        0x08000750        0x0 linker stubs
 *(.glue_7t)
 .glue_7t       0x08000750        0x0 linker stubs
 *(.eh_frame)
 .eh_frame      0x08000750        0x0 C:/ST/STM32CubeIDE_1.11.2/STM32CubeIDE/plugins/com.st.stm32cube.ide.mcu.externaltools.gnu-tools-for-stm32.12.3.rel1.win32_1.0.100.202403111256/tools/bin/../lib/gcc/arm-none-eabi/12.3.1/thumb/v7e-m+fp/hard/crtbegin.o
 *(.init)
 .init          0x08000750        0x4 C:/ST/STM32CubeIDE_1.11.2/STM32CubeIDE/plugins/com.st.stm32cube.ide.mcu.externaltools.gnu-tools-for-stm32.12.3.rel1.win32_1.0.100.202403111256/tools/bin/../lib/gcc/arm-none-eabi/12.3.1/thumb/v7e-m+fp/hard/crti.o
                0x08000750                _init
 .init          0x08000754        0x8 C:/ST/STM32CubeIDE_1.11.2/STM32CubeIDE/plugins/com.st.stm32cube.ide.mcu.externaltools.gnu-tools-for-stm32.12.3.rel1.win32_1.0.100.202403111256/tools/bin/../lib/gcc/arm-none-eabi/12.3.1/thumb/v7e-m+fp/hard/crtn.o
 *(.fini)
 .fini          0x0800075c        0x4 C:/ST/STM32CubeIDE_1.11.2/STM32CubeIDE/plugins/com.st.stm32cube.ide.mcu.externaltools.gnu-tools-for-stm32.12.3.rel1.win32_1.0.100.202403111256/tools/bin/../lib/gcc/arm-none-eabi/12.3.1/thumb/v7e-m+fp/hard/crti.o
                0x0800075c                _fini
 .fini          0x08000760        0x8 C:/ST/STM32CubeIDE_1.11.2/STM32CubeIDE/plugins/com.st.stm32cube.ide.mcu.externaltools.gnu-tools-for-stm32.12.3.rel1.win32_1.0.100.202403111256/tools/bin/../lib/gcc/arm-none-eabi/12.3.1/thumb/v7e-m+fp/hard/crtn.o
                0x08000768                        . = ALIGN (0x4)
                0x08000768                        _etext = .

.vfp11_veneer   0x08000768        0x0
 .vfp11_veneer  0x08000768        0x0 linker stubs

.v4_bx          0x08000768        0x0
 .v4_bx         0x08000768        0x0 linker stubs

.iplt           0x08000768        0x0
 .iplt          0x08000768        0x0 C:/ST/STM32CubeIDE_1.11.2/STM32CubeIDE/plugins/com.st.stm32cube.ide.mcu.externaltools.gnu-tools-for-stm32.12.3.rel1.win32_1.0.100.202403111256/tools/bin/../lib/gcc/arm-none-eabi/12.3.1/thumb/v7e-m+fp/hard/crtbegin.o

.rodata         0x08000768       0x64
                0x08000768                        . = ALIGN (0x4)
 *(.rodata)
 .rodata        0x08000768       0x61 ./Src/EEPROM_24C.o
 *(.rodata*)
                0x080007cc                        . = ALIGN (0x4)
 *fill*         0x080007c9        0x3 

.ARM.extab      0x080007cc        0x0
                0x080007cc                        . = ALIGN (0x4)
 *(.ARM.extab* .gnu.linkonce.armextab.*)
                0x080007cc                        . = ALIGN (0x4)

.ARM            0x080007cc        0x0
                0x080007cc                        . = ALIGN (0x4)
                0x080007cc                        __exidx_start = .
 *(.ARM.exidx*)
                0x080007cc                        __exidx_end = .
                0x080007cc                        . = ALIGN (0x4)

.preinit_array  0x080007cc        0x0
                0x080007cc                        . = ALIGN (0x4)
                0x080007cc                        PROVIDE (__preinit_array_start = .)
 *(.preinit_array*)
                0x080007cc                        PROVIDE (__preinit_array_end = .)
                0x080007cc                        . = ALIGN (0x4)

.init_array     0x080007cc        0x4
                0x080007cc                        . = ALIGN (0x4)
                0x080007cc                        PROVIDE (__init_array_start = .)
 *(SORT_BY_NAME(.init_array.*))
 *(.init_array*)
 .init_array    0x080007cc        0x4 C:/ST/STM32CubeIDE_1.11.2/STM32CubeIDE/plugins/com.st.stm32cube.ide.mcu.externaltools.gnu-tools-for-stm32.12.3.rel1.win32_1.0.100.202403111256/tools/bin/../lib/gcc/arm-none-eabi/12.3.1/thumb/v7e-m+fp/hard/crtbegin.o
                0x080007d0                        PROVIDE (__init_array_end = .)
                0x080007d0                        . = ALIGN (0x4)

.fini_array     0x080007d0        0x4
                0x080007d0                        . = ALIGN (0x4)
                [!provide]                        PROVIDE (__fini_array_start = .)
 *(SORT_BY_NAME(.fini_array.*))
 *(.fini_array*)
 .fini_array    0x080007d0        0x4 C:/ST/STM32CubeIDE_1.11.2/STM32CubeIDE/plugins/com.st.stm32cube.ide.mcu.externaltools.gnu-tools-for-stm32.12.3.rel1.win32_1.0.100.202403111256/tools/bin/../lib/gcc/arm-none-eabi/12.3.1/thumb/v7e-m+fp/hard/crtbegin.o
                [!provide]                        PROVIDE (__fini_array_end = .)
                0x080007d4                        . = ALIGN (0x4)
                0x080007d4                        _sidata = LOADADDR (.data)

.rel.dyn        0x080007d4        0x0
 .rel.iplt      0x080007d4        0x0 C:/ST/STM32CubeIDE_1.11.2/STM32CubeIDE/plugins/com.st.stm32cube.ide.mcu.externaltools.gnu-tools-for-stm32.12.3.rel1.win32_1.0.100.202403111256/tools/bin/../lib/gcc/arm-none-eabi/12.3.1/thumb/v7e-m+fp/hard/crtbegin.o

.data           0x20000000        0x0 load address 0x080007d4
                0x20000000                        . = ALIGN (0x4)
                0x20000000                        _sdata = .
 *(.data)
 *(.data*)
 *(.RamFunc)
 *(.RamFunc*)
                0x20000000                        . = ALIGN (0x4)
                0x20000000                        _edata = .

.igot.plt       0x20000000        0x0 load address 0x080007d4
 .igot.plt      0x20000000        0x0 C:/ST/STM32CubeIDE_1.11.2/STM32CubeIDE/plugins/com.st.stm32cube.ide.mcu.externaltools.gnu-tools-for-stm32.12.3.rel1.win32_1.0.100.202403111256/tools/bin/../lib/gcc/arm-none-eabi/12.3.1/thumb/v7e-m+fp/hard/crtbegin.o
                0x20000000                        . = ALIGN (0x4)

.bss            0x20000000       0x1c load address 0x080007d4
                0x20000000                        _sbss = .
                0x20000000                        __bss_start__ = _sbss
 *(.bss)
 .bss           0x20000000       0x1c C:/ST/STM32CubeIDE_1.11.2/STM32CubeIDE/plugins/com.st.stm32cube.ide.mcu.externaltools.gnu-tools-for-stm32.12.3.rel1.win32_1.0.100.202403111256/tools/bin/../lib/gcc/arm-none-eabi/12.3.1/thumb/v7e-m+fp/hard/crtbegin.o
 *(.bss*)
 *(COMMON)
                0x2000001c                        . = ALIGN (0x4)
                0x2000001c                        _ebss = .
                0x2000001c                        __bss_end__ = _ebss

._user_heap_stack
                0x2000001c      0x604 load address 0x080007d4
                0x20000020                        . = ALIGN (0x8)
 *fill*         0x2000001c        0x4 
                [!provide]                        PROVIDE (end = .)
                0x20000020                        PROVIDE (_end = .)
                0x20000220                        . = (. + _Min_Heap_Size)
 *fill*         0x20000020      0x200 
                0x20000620                        . = (. + _Min_Stack_Size)
 *fill*         0x20000220      0x400 
                0x20000620                        . = ALIGN (0x8)

/DISCARD/
 libc.a(*)
 libm.a(*)
 libgcc.a(*)

.ARM.attributes
                0x00000000       0x30
 *(.ARM.attributes)
 .ARM.attributes
                0x00000000       0x22 C:/ST/STM32CubeIDE_1.11.2/STM32CubeIDE/plugins/com.st.stm32cube.ide.mcu.externaltools.gnu-tools-for-stm32.12.3.rel1.win32_1.0.100.202403111256/tools/bin/../lib/gcc/arm-none-eabi/12.3.1/thumb/v7e-m+fp/hard/crti.o
 .ARM.attributes
                0x00000022       0x34 C:/ST/STM32CubeIDE_1.11.2/STM32CubeIDE/plugins/com.st.stm32cube.ide.mcu.externaltools.gnu-tools-for-stm32.12.3.rel1.win32_1.0.100.202403111256/tools/bin/../lib/gcc/arm-none-eabi/12.3.1/thumb/v7e-m+fp/hard/crtbegin.o
 .ARM.attributes
                0x00000056       0x34 ./Src/EEPROM_24C.o
 .ARM.attributes
                0x0000008a       0x34 ./Src/I2C.o
 .ARM.attributes
                0x000000be       0x34 ./Src/LED.o
 .ARM.attributes
                0x000000f2       0x34 ./Src/UART.o
 .ARM.attributes
                0x00000126       0x34 ./Src/main.o
 .ARM.attributes
                0x0000015a       0x21 ./Startup/startup_stm32f401retx.o
 .ARM.attributes
                0x0000017b       0x34 C:/ST/STM32CubeIDE_1.11.2/STM32CubeIDE/plugins/com.st.stm32cube.ide.mcu.externaltools.gnu-tools-for-stm32.12.3.rel1.win32_1.0.100.202403111256/tools/bin/../lib/gcc/arm-none-eabi/12.3.1/../../../../arm-none-eabi/lib/thumb/v7e-m+fp/hard\libc_nano.a(libc_a-init.o)
 .ARM.attributes
                0x000001af       0x22 C:/ST/STM32CubeIDE_1.11.2/STM32CubeIDE/plugins/com.st.stm32cube.ide.mcu.externaltools.gnu-tools-for-stm32.12.3.rel1.win32_1.0.100.202403111256/tools/bin/../lib/gcc/arm-none-eabi/12.3.1/thumb/v7e-m+fp/hard/crtn.o
OUTPUT(EEPROM_24C256N.elf elf32-littlearm)
LOAD linker stubs
LOAD C:/ST/STM32CubeIDE_1.11.2/STM32CubeIDE/plugins/com.st.stm32cube.ide.mcu.externaltools.gnu-tools-for-stm32.12.3.rel1.win32_1.0.100.202403111256/tools/bin/../lib/gcc/arm-none-eabi/12.3.1/../../../../arm-none-eabi/lib/thumb/v7e-m+fp/hard\libc.a
LOAD C:/ST/STM32CubeIDE_1.11.2/STM32CubeIDE/plugins/com.st.stm32cube.ide.mcu.externaltools.gnu-tools-for-stm32.12.3.rel1.win32_1.0.100.202403111256/tools/bin/../lib/gcc/arm-none-eabi/12.3.1/../../../../arm-none-eabi/lib/thumb/v7e-m+fp/hard\libm.a
LOAD C:/ST/STM32CubeIDE_1.11.2/STM32CubeIDE/plugins/com.st.stm32cube.ide.mcu.externaltools.gnu-tools-for-stm32.12.3.rel1.win32_1.0.100.202403111256/tools/bin/../lib/gcc/arm-none-eabi/12.3.1/thumb/v7e-m+fp/hard\libgcc.a

.debug_info     0x00000000     0x1127
 .debug_info    0x00000000      0x3f6 ./Src/EEPROM_24C.o
 .debug_info    0x000003f6      0x44e ./Src/I2C.o
 .debug_info    0x00000844      0x316 ./Src/LED.o
 .debug_info    0x00000b5a      0x450 ./Src/UART.o
 .debug_info    0x00000faa      0x14d ./Src/main.o
 .debug_info    0x000010f7       0x30 ./Startup/startup_stm32f401retx.o

.debug_abbrev   0x00000000      0x576
 .debug_abbrev  0x00000000      0x165 ./Src/EEPROM_24C.o
 .debug_abbrev  0x00000165      0x114 ./Src/I2C.o
 .debug_abbrev  0x00000279       0xb7 ./Src/LED.o
 .debug_abbrev  0x00000330      0x165 ./Src/UART.o
 .debug_abbrev  0x00000495       0xbd ./Src/main.o
 .debug_abbrev  0x00000552       0x24 ./Startup/startup_stm32f401retx.o

.debug_aranges  0x00000000      0x190
 .debug_aranges
                0x00000000       0x70 ./Src/EEPROM_24C.o
 .debug_aranges
                0x00000070       0x58 ./Src/I2C.o
 .debug_aranges
                0x000000c8       0x38 ./Src/LED.o
 .debug_aranges
                0x00000100       0x48 ./Src/UART.o
 .debug_aranges
                0x00000148       0x20 ./Src/main.o
 .debug_aranges
                0x00000168       0x28 ./Startup/startup_stm32f401retx.o

.debug_rnglists
                0x00000000      0x110
 .debug_rnglists
                0x00000000       0x50 ./Src/EEPROM_24C.o
 .debug_rnglists
                0x00000050       0x3e ./Src/I2C.o
 .debug_rnglists
                0x0000008e       0x25 ./Src/LED.o
 .debug_rnglists
                0x000000b3       0x31 ./Src/UART.o
 .debug_rnglists
                0x000000e4       0x13 ./Src/main.o
 .debug_rnglists
                0x000000f7       0x19 ./Startup/startup_stm32f401retx.o

.debug_macro    0x00000000     0xebfa
 .debug_macro   0x00000000      0x121 ./Src/EEPROM_24C.o
 .debug_macro   0x00000121      0xaa8 ./Src/EEPROM_24C.o
 .debug_macro   0x00000bc9       0x2e ./Src/EEPROM_24C.o
 .debug_macro   0x00000bf7       0x28 ./Src/EEPROM_24C.o
 .debug_macro   0x00000c1f       0x22 ./Src/EEPROM_24C.o
 .debug_macro   0x00000c41       0x8e ./Src/EEPROM_24C.o
 .debug_macro   0x00000ccf       0x51 ./Src/EEPROM_24C.o
 .debug_macro   0x00000d20      0x103 ./Src/EEPROM_24C.o
 .debug_macro   0x00000e23       0x6a ./Src/EEPROM_24C.o
 .debug_macro   0x00000e8d      0x1df ./Src/EEPROM_24C.o
 .debug_macro   0x0000106c       0x1c ./Src/EEPROM_24C.o
 .debug_macro   0x00001088       0x22 ./Src/EEPROM_24C.o
 .debug_macro   0x000010aa       0xfb ./Src/EEPROM_24C.o
 .debug_macro   0x000011a5     0x1011 ./Src/EEPROM_24C.o
 .debug_macro   0x000021b6      0x11f ./Src/EEPROM_24C.o
 .debug_macro   0x000022d5     0xb86c ./Src/EEPROM_24C.o
 .debug_macro   0x0000db41       0x6d ./Src/EEPROM_24C.o
 .debug_macro   0x0000dbae       0x22 ./Src/EEPROM_24C.o
 .debug_macro   0x0000dbd0       0xe1 ./Src/I2C.o
 .debug_macro   0x0000dcb1       0xd8 ./Src/LED.o
 .debug_macro   0x0000dd89       0xea ./Src/UART.o
 .debug_macro   0x0000de73      0x1e0 ./Src/main.o
 .debug_macro   0x0000e053       0x5b ./Src/main.o
 .debug_macro   0x0000e0ae       0x2a ./Src/main.o
 .debug_macro   0x0000e0d8       0x94 ./Src/main.o
 .debug_macro   0x0000e16c       0x43 ./Src/main.o
 .debug_macro   0x0000e1af       0x34 ./Src/main.o
 .debug_macro   0x0000e1e3       0x16 ./Src/main.o
 .debug_macro   0x0000e1f9       0x57 ./Src/main.o
 .debug_macro   0x0000e250       0x9e ./Src/main.o
 .debug_macro   0x0000e2ee      0x369 ./Src/main.o
 .debug_macro   0x0000e657      0x10b ./Src/main.o
 .debug_macro   0x0000e762       0x10 ./Src/main.o
 .debug_macro   0x0000e772       0x16 ./Src/main.o
 .debug_macro   0x0000e788       0x43 ./Src/main.o
 .debug_macro   0x0000e7cb       0x34 ./Src/main.o
 .debug_macro   0x0000e7ff       0x10 ./Src/main.o
 .debug_macro   0x0000e80f       0x58 ./Src/main.o
 .debug_macro   0x0000e867       0x8e ./Src/main.o
 .debug_macro   0x0000e8f5       0x1c ./Src/main.o
 .debug_macro   0x0000e911      0x177 ./Src/main.o
 .debug_macro   0x0000ea88       0x16 ./Src/main.o
 .debug_macro   0x0000ea9e       0x16 ./Src/main.o
 .debug_macro   0x0000eab4      0x146 ./Src/main.o

.debug_line     0x00000000     0x1fc0
 .debug_line    0x00000000      0x6d2 ./Src/EEPROM_24C.o
 .debug_line    0x000006d2      0x68f ./Src/I2C.o
 .debug_line    0x00000d61      0x559 ./Src/LED.o
 .debug_line    0x000012ba      0x5da ./Src/UART.o
 .debug_line    0x00001894      0x6b1 ./Src/main.o
 .debug_line    0x00001f45       0x7b ./Startup/startup_stm32f401retx.o

.debug_str      0x00000000    0x534ca
 .debug_str     0x00000000    0x4f83e ./Src/EEPROM_24C.o
                              0x4f9be (size before relaxing)
 .debug_str     0x0004f83e      0x176 ./Src/I2C.o
                              0x4f946 (size before relaxing)
 .debug_str     0x0004f9b4       0x27 ./Src/LED.o
                              0x4f86d (size before relaxing)
 .debug_str     0x0004f9db       0xac ./Src/UART.o
                              0x4f92a (size before relaxing)
 .debug_str     0x0004fa87     0x3a04 ./Src/main.o
                              0x5324c (size before relaxing)
 .debug_str     0x0005348b       0x3f ./Startup/startup_stm32f401retx.o
                                 0x7e (size before relaxing)

.comment        0x00000000       0x43
 .comment       0x00000000       0x43 ./Src/EEPROM_24C.o
                                 0x44 (size before relaxing)
 .comment       0x00000043       0x44 ./Src/I2C.o
 .comment       0x00000043       0x44 ./Src/LED.o
 .comment       0x00000043       0x44 ./Src/UART.o
 .comment       0x00000043       0x44 ./Src/main.o

.debug_frame    0x00000000      0x490
 .debug_frame   0x00000000      0x198 ./Src/EEPROM_24C.o
 .debug_frame   0x00000198      0x128 ./Src/I2C.o
 .debug_frame   0x000002c0       0x90 ./Src/LED.o
 .debug_frame   0x00000350       0xe4 ./Src/UART.o
 .debug_frame   0x00000434       0x30 ./Src/main.o
 .debug_frame   0x00000464       0x2c C:/ST/STM32CubeIDE_1.11.2/STM32CubeIDE/plugins/com.st.stm32cube.ide.mcu.externaltools.gnu-tools-for-stm32.12.3.rel1.win32_1.0.100.202403111256/tools/bin/../lib/gcc/arm-none-eabi/12.3.1/../../../../arm-none-eabi/lib/thumb/v7e-m+fp/hard\libc_nano.a(libc_a-init.o)

.debug_line_str
                0x00000000       0x62
 .debug_line_str
                0x00000000       0x62 ./Startup/startup_stm32f401retx.o
