../Src/EEPROM_24C.c:9:6:EEPROM_Init	8	static
../Src/EEPROM_24C.c:21:6:EEPROM_WriteByte	16	static
../Src/EEPROM_24C.c:39:6:EEPROM_WritePage	24	static
../Src/EEPROM_24C.c:67:6:EEPROM_WriteBlock	24	static
../Src/EEPROM_24C.c:91:9:EEPROM_ReadByte_Current	16	static
../Src/EEPROM_24C.c:107:9:EEPROM_ReadByte_Random	24	static
../Src/EEPROM_24C.c:122:6:EEPROM_ReadPage	24	static
../Src/EEPROM_24C.c:150:6:EEPROM_ReadBlock	16	static
../Src/EEPROM_24C.c:155:6:EEPROM_EraseByte	16	static
../Src/EEPROM_24C.c:160:6:EEPROM_ErasePage	88	static
../Src/EEPROM_24C.c:170:6:EEPROM_EraseBlock	4	static
